// Jest Snapshot v1, https://goo.gl/fbAQLP

exports[`About Page 1`] = `
<div
  className="homepage"
>
  <p>
    Mathematics is not about numbers, equations, computations, or algorithms: it is about understanding. â€“William Paul Thurston
  </p>
</div>
`;
