// Jest Snapshot v1, https://goo.gl/fbAQLP

exports[`Renders button on the page 1`] = `
<button
  className="null null"
  onClick={[Function]}
  type="button"
>
  23
</button>
`;
